#-----------------------------------------------------------
# Vivado v2020.2 (64-bit)
# SW Build 3064766 on Wed Nov 18 09:12:45 MST 2020
# IP Build 3064653 on Wed Nov 18 14:17:31 MST 2020
# Start of session at: Sat Dec  3 23:08:34 2022
# Process ID: 11852
# Current directory: C:/Users/thuer/Documents/School/2_EPFL5/digital_systems_design/digital-systems-design/dsd_project
# Command line: vivado.exe -gui_launcher_event rodinguilauncherevent12200 C:\Users\thuer\Documents\School\2_EPFL5\digital_systems_design\digital-systems-design\dsd_project\DSD_PROJECT.xpr
# Log file: C:/Users/thuer/Documents/School/2_EPFL5/digital_systems_design/digital-systems-design/dsd_project/vivado.log
# Journal file: C:/Users/thuer/Documents/School/2_EPFL5/digital_systems_design/digital-systems-design/dsd_project\vivado.jou
#-----------------------------------------------------------
start_gui
open_project C:/Users/thuer/Documents/School/2_EPFL5/digital_systems_design/digital-systems-design/dsd_project/DSD_PROJECT.xpr
update_compile_order -fileset sources_1
