#-----------------------------------------------------------
# Vivado v2020.2 (64-bit)
# SW Build 3064766 on Wed Nov 18 09:12:45 MST 2020
# IP Build 3064653 on Wed Nov 18 14:17:31 MST 2020
# Start of session at: Thu Nov 24 07:48:36 2022
# Process ID: 8648
# Current directory: H:/My Drive/EPFL/Bachelor Semester 5/Digital systems design/Shared with Simon/digital-systems-design/dsd_project
# Command line: vivado.exe -gui_launcher_event rodinguilauncherevent18400 H:\My Drive\EPFL\Bachelor Semester 5\Digital systems design\Shared with Simon\digital-systems-design\dsd_project\DSD_PROJECT.xpr
# Log file: H:/My Drive/EPFL/Bachelor Semester 5/Digital systems design/Shared with Simon/digital-systems-design/dsd_project/vivado.log
# Journal file: H:/My Drive/EPFL/Bachelor Semester 5/Digital systems design/Shared with Simon/digital-systems-design/dsd_project\vivado.jou
#-----------------------------------------------------------
start_gui
open_project {H:/My Drive/EPFL/Bachelor Semester 5/Digital systems design/Shared with Simon/digital-systems-design/dsd_project/DSD_PROJECT.xpr}
update_compile_order -fileset sources_1
